2026-07-25 07:20:31,256 - mmdet - INFO - Environment info:
------------------------------------------------------------
sys.platform: linux
Python: 3.10.8 (main, Nov  4 2022, 13:48:29) [GCC 11.2.0]
CUDA available: True
GPU 0: NVIDIA GeForce RTX 3050 Laptop GPU
CUDA_HOME: /opt/conda
NVCC: Cuda compilation tools, release 11.6, V11.6.124
GCC: gcc (Ubuntu 7.5.0-3ubuntu1~18.04) 7.5.0
PyTorch: 1.13.1
PyTorch compiling details: PyTorch built with:
  - GCC 9.3
  - C++ Version: 201402
  - Intel(R) oneAPI Math Kernel Library Version 2021.4-Product Build 20210904 for Intel(R) 64 architecture applications
  - Intel(R) MKL-DNN v2.6.0 (Git Hash 52b5f107dd9cf10910aaa19cb47f3abf9b349815)
  - OpenMP 201511 (a.k.a. OpenMP 4.5)
  - LAPACK is enabled (usually provided by MKL)
  - NNPACK is enabled
  - CPU capability usage: AVX2
  - CUDA Runtime 11.6
  - NVCC architecture flags: -gencode;arch=compute_37,code=sm_37;-gencode;arch=compute_50,code=sm_50;-gencode;arch=compute_60,code=sm_60;-gencode;arch=compute_61,code=sm_61;-gencode;arch=compute_70,code=sm_70;-gencode;arch=compute_75,code=sm_75;-gencode;arch=compute_80,code=sm_80;-gencode;arch=compute_86,code=sm_86;-gencode;arch=compute_37,code=compute_37
  - CuDNN 8.3.2  (built against CUDA 11.5)
  - Magma 2.6.1
  - Build settings: BLAS_INFO=mkl, BUILD_TYPE=Release, CUDA_VERSION=11.6, CUDNN_VERSION=8.3.2, CXX_COMPILER=/opt/rh/devtoolset-9/root/usr/bin/c++, CXX_FLAGS= -fabi-version=11 -Wno-deprecated -fvisibility-inlines-hidden -DUSE_PTHREADPOOL -fopenmp -DNDEBUG -DUSE_KINETO -DUSE_FBGEMM -DUSE_QNNPACK -DUSE_PYTORCH_QNNPACK -DUSE_XNNPACK -DSYMBOLICATE_MOBILE_DEBUG_HANDLE -DEDGE_PROFILER_USE_KINETO -O2 -fPIC -Wno-narrowing -Wall -Wextra -Werror=return-type -Werror=non-virtual-dtor -Wno-missing-field-initializers -Wno-type-limits -Wno-array-bounds -Wno-unknown-pragmas -Wunused-local-typedefs -Wno-unused-parameter -Wno-unused-function -Wno-unused-result -Wno-strict-overflow -Wno-strict-aliasing -Wno-error=deprecated-declarations -Wno-stringop-overflow -Wno-psabi -Wno-error=pedantic -Wno-error=redundant-decls -Wno-error=old-style-cast -fdiagnostics-color=always -faligned-new -Wno-unused-but-set-variable -Wno-maybe-uninitialized -fno-math-errno -fno-trapping-math -Werror=format -Werror=cast-function-type -Wno-stringop-overflow, LAPACK_INFO=mkl, PERF_WITH_AVX=1, PERF_WITH_AVX2=1, PERF_WITH_AVX512=1, TORCH_VERSION=1.13.1, USE_CUDA=ON, USE_CUDNN=ON, USE_EXCEPTION_PTR=1, USE_GFLAGS=OFF, USE_GLOG=OFF, USE_MKL=ON, USE_MKLDNN=ON, USE_MPI=OFF, USE_NCCL=ON, USE_NNPACK=ON, USE_OPENMP=ON, USE_ROCM=OFF, 

TorchVision: 0.14.1
OpenCV: 5.0.0
MMCV: 1.7.0
MMCV Compiler: GCC 9.3
MMCV CUDA Compiler: 11.6
MMDetection: 2.28.2+unknown
------------------------------------------------------------

2026-07-25 07:20:31,805 - mmdet - INFO - Distributed training: False
2026-07-25 07:20:32,429 - mmdet - INFO - Config:
dataset_type = 'VTUAVdet'
data_root = '/workspace/datasets/VTUAV_subset/VTUAV_subset/'
img_norm_cfg = dict(
    mean=[123.675, 116.28, 103.53],
    std=[58.395, 57.12, 57.375],
    to_rgb=True,
    mean_list=([83.2, 92.24, 97.7], [134.84, 134.84, 134.84]),
    std_list=([57.77, 57.41, 57.69], [81.58, 81.58, 81.58]))
train_pipeline = [
    dict(type='LoadImagePairFromFile', spectrals=('VTUAV_co', 'VTUAV_ir')),
    dict(type='LoadAnnotations', with_bbox=True),
    dict(type='Resize', img_scale=(640, 512), keep_ratio=True),
    dict(type='RandomFlip', flip_ratio=0.5),
    dict(
        type='MultiNormalize',
        mean_list=([83.2, 92.24, 97.7], [134.84, 134.84, 134.84]),
        std_list=([57.77, 57.41, 57.69], [81.58, 81.58, 81.58]),
        to_rgb=True),
    dict(type='Pad', size_divisor=32),
    dict(type='DefaultFormatBundle'),
    dict(type='Collect', keys=['img', 'gt_bboxes', 'gt_labels'])
]
test_pipeline = [
    dict(type='LoadImagePairFromFile', spectrals=('VTUAV_co', 'VTUAV_ir')),
    dict(
        type='MultiScaleFlipAug',
        img_scale=(640, 512),
        flip=False,
        transforms=[
            dict(type='Resize', keep_ratio=True),
            dict(type='RandomFlip'),
            dict(
                type='MultiNormalize',
                mean_list=([83.2, 92.24, 97.7], [134.84, 134.84, 134.84]),
                std_list=([57.77, 57.41, 57.69], [81.58, 81.58, 81.58]),
                to_rgb=True),
            dict(type='Pad', size_divisor=32),
            dict(type='DefaultFormatBundle'),
            dict(type='Collect', keys=['img'])
        ])
]
data = dict(
    samples_per_gpu=4,
    workers_per_gpu=0,
    train=dict(
        type='VTUAVdet',
        ann_file=
        '/workspace/datasets/VTUAV_subset/VTUAV_subset/annotations/train.json',
        img_prefix='/workspace/datasets/VTUAV_subset/VTUAV_subset/train',
        pipeline=[
            dict(
                type='LoadImagePairFromFile',
                spectrals=('VTUAV_co', 'VTUAV_ir')),
            dict(type='LoadAnnotations', with_bbox=True),
            dict(type='Resize', img_scale=(640, 512), keep_ratio=True),
            dict(type='RandomFlip', flip_ratio=0.5),
            dict(
                type='MultiNormalize',
                mean_list=([83.2, 92.24, 97.7], [134.84, 134.84, 134.84]),
                std_list=([57.77, 57.41, 57.69], [81.58, 81.58, 81.58]),
                to_rgb=True),
            dict(type='Pad', size_divisor=32),
            dict(type='DefaultFormatBundle'),
            dict(type='Collect', keys=['img', 'gt_bboxes', 'gt_labels'])
        ]),
    val=dict(
        type='VTUAVdet',
        ann_file=
        '/workspace/datasets/VTUAV_subset/VTUAV_subset/annotations/val.json',
        img_prefix='/workspace/datasets/VTUAV_subset/VTUAV_subset/val',
        pipeline=[
            dict(
                type='LoadImagePairFromFile',
                spectrals=('VTUAV_co', 'VTUAV_ir')),
            dict(
                type='MultiScaleFlipAug',
                img_scale=(640, 512),
                flip=False,
                transforms=[
                    dict(type='Resize', keep_ratio=True),
                    dict(type='RandomFlip'),
                    dict(
                        type='MultiNormalize',
                        mean_list=([83.2, 92.24,
                                    97.7], [134.84, 134.84, 134.84]),
                        std_list=([57.77, 57.41, 57.69], [81.58, 81.58,
                                                          81.58]),
                        to_rgb=True),
                    dict(type='Pad', size_divisor=32),
                    dict(type='DefaultFormatBundle'),
                    dict(type='Collect', keys=['img'])
                ])
        ]),
    test=dict(
        type='VTUAVdet',
        ann_file=
        '/workspace/datasets/VTUAV_subset/VTUAV_subset/annotations/test.json',
        img_prefix='/workspace/datasets/VTUAV_subset/VTUAV_subset/test',
        pipeline=[
            dict(
                type='LoadImagePairFromFile',
                spectrals=('VTUAV_co', 'VTUAV_ir')),
            dict(
                type='MultiScaleFlipAug',
                img_scale=(640, 512),
                flip=False,
                transforms=[
                    dict(type='Resize', keep_ratio=True),
                    dict(type='RandomFlip'),
                    dict(
                        type='MultiNormalize',
                        mean_list=([83.2, 92.24,
                                    97.7], [134.84, 134.84, 134.84]),
                        std_list=([57.77, 57.41, 57.69], [81.58, 81.58,
                                                          81.58]),
                        to_rgb=True),
                    dict(type='Pad', size_divisor=32),
                    dict(type='DefaultFormatBundle'),
                    dict(type='Collect', keys=['img'])
                ])
        ]))
evaluation = dict(interval=1, metric='bbox')
optimizer = dict(type='SGD', lr=0.005, momentum=0.9, weight_decay=0.0001)
optimizer_config = dict(grad_clip=dict(max_norm=35, norm_type=2))
lr_config = dict(
    policy='step',
    warmup='linear',
    warmup_iters=500,
    warmup_ratio=0.001,
    step=[8, 11])
runner = dict(type='EpochBasedRunner', max_epochs=2)
checkpoint_config = dict(interval=1)
log_config = dict(interval=50, hooks=[dict(type='TextLoggerHook')])
custom_hooks = [dict(type='NumClassCheckHook')]
dist_params = dict(backend='nccl')
log_level = 'INFO'
load_from = '/workspace/weights/epoch_11_qfdet_star_vtuav.pth'
resume_from = None
workflow = [('train', 1)]
opencv_num_threads = 0
mp_start_method = 'fork'
auto_scale_lr = dict(enable=False, base_batch_size=16)
model = dict(
    type='QFDet',
    backbone=dict(
        type='ResNet',
        depth=50,
        num_stages=4,
        out_indices=(0, 1, 2, 3),
        frozen_stages=1,
        norm_cfg=dict(type='BN', requires_grad=True),
        norm_eval=True,
        style='pytorch',
        init_cfg=dict(type='Pretrained', checkpoint='torchvision://resnet50')),
    neck=dict(
        type='FPN',
        in_channels=[256, 512, 1024, 2048],
        out_channels=256,
        start_level=0,
        add_extra_convs='on_output',
        num_outs=5),
    bbox_head=dict(
        type='ATSSQHead',
        num_classes=3,
        in_channels=256,
        stacked_convs=4,
        feat_channels=256,
        centerness=1,
        anchor_generator=dict(
            type='AnchorGenerator',
            ratios=[1.0],
            octave_base_scale=8,
            scales_per_octave=1,
            strides=[4, 8, 16, 32, 64]),
        bbox_coder=dict(
            type='DeltaXYWHBBoxCoder',
            target_means=[0.0, 0.0, 0.0, 0.0],
            target_stds=[0.1, 0.1, 0.2, 0.2]),
        loss_cls=dict(
            type='FocalLoss',
            use_sigmoid=True,
            gamma=2.0,
            alpha=0.25,
            loss_weight=1.0),
        loss_bbox=dict(type='GIoULoss', loss_weight=2.0),
        loss_centerness=dict(
            type='CrossEntropyLoss', use_sigmoid=True, loss_weight=1.0)),
    bbox_prehead=dict(
        type='QFDetPreHead',
        num_classes=3,
        in_channels=256,
        stacked_convs=4,
        feat_channels=256,
        centerness=1,
        anchor_generator=dict(
            type='AnchorGenerator',
            ratios=[1.0],
            octave_base_scale=8,
            scales_per_octave=1,
            strides=[4, 8, 16, 32, 64]),
        bbox_coder=dict(
            type='DeltaXYWHBBoxCoder',
            target_means=[0.0, 0.0, 0.0, 0.0],
            target_stds=[0.1, 0.1, 0.2, 0.2]),
        loss_cls=dict(
            type='FocalLoss',
            use_sigmoid=True,
            gamma=2.0,
            alpha=0.25,
            loss_weight=0.5),
        loss_bbox=dict(type='GIoULoss', loss_weight=1.0),
        loss_centerness=dict(
            type='CrossEntropyLoss', use_sigmoid=True, loss_weight=0.5),
        loss_quality=dict(type='MSELoss', loss_weight=0.5)),
    base_fusion='cat',
    fusion_type='cmaf',
    quality_attention=True,
    poolupsample=1,
    reweight=True,
    train_cfg=dict(
        assigner=dict(
            type='QLSAssigner',
            topk=9,
            alpha=0.8,
            quality='x',
            iou_calculator=dict(type='BboxDistanceMetric'),
            iou_mode='siwd',
            overlap_mode='hybrid'),
        allowed_border=-1,
        pos_weight=-1,
        debug=False),
    test_cfg=dict(
        nms_pre=1000,
        min_bbox_size=0,
        score_thr=0.05,
        nms=dict(type='nms', iou_threshold=0.5),
        max_per_img=100))
work_dir = 'work_dirs/stage3_cmaf'
auto_resume = False
gpu_ids = [0]

2026-07-25 07:20:32,430 - mmdet - INFO - Set random seed to 42, deterministic: True
2026-07-25 07:20:32,897 - mmdet - INFO - initialize ResNet with init_cfg {'type': 'Pretrained', 'checkpoint': 'torchvision://resnet50'}
2026-07-25 07:20:33,072 - mmdet - INFO - initialize FPN with init_cfg {'type': 'Xavier', 'layer': 'Conv2d', 'distribution': 'uniform'}
2026-07-25 07:20:33,089 - mmdet - INFO - initialize ATSSQHead with init_cfg {'type': 'Normal', 'layer': 'Conv2d', 'std': 0.01, 'override': {'type': 'Normal', 'name': 'atss_cls', 'std': 0.01, 'bias_prob': 0.01}}
2026-07-25 07:20:33,111 - mmdet - INFO - initialize ResNet with init_cfg {'type': 'Pretrained', 'checkpoint': 'torchvision://resnet50'}
2026-07-25 07:20:33,192 - mmdet - INFO - initialize QFDetPreHead with init_cfg {'type': 'Normal', 'layer': 'Conv2d', 'std': 0.01, 'override': {'type': 'Normal', 'name': 'atss_cls', 'std': 0.01, 'bias_prob': 0.01}}
Name of parameter - Initialization information

backbone.conv1.weight - torch.Size([64, 3, 7, 7]): 
PretrainedInit: load from torchvision://resnet50 

backbone.bn1.weight - torch.Size([64]): 
PretrainedInit: load from torchvision://resnet50 

backbone.bn1.bias - torch.Size([64]): 
PretrainedInit: load from torchvision://resnet50 

backbone.layer1.0.conv1.weight - torch.Size([64, 64, 1, 1]): 
PretrainedInit: load from torchvision://resnet50 

backbone.layer1.0.bn1.weight - torch.Size([64]): 
PretrainedInit: load from torchvision://resnet50 

backbone.layer1.0.bn1.bias - torch.Size([64]): 
PretrainedInit: load from torchvision://resnet50 

backbone.layer1.0.conv2.weight - torch.Size([64, 64, 3, 3]): 
PretrainedInit: load from torchvision://resnet50 

backbone.layer1.0.bn2.weight - torch.Size([64]): 
PretrainedInit: load from torchvision://resnet50 

backbone.layer1.0.bn2.bias - torch.Size([64]): 
PretrainedInit: load from torchvision://resnet50 

backbone.layer1.0.conv3.weight - torch.Size([256, 64, 1, 1]): 
PretrainedInit: load from torchvision://resnet50 

backbone.layer1.0.bn3.weight - torch.Size([256]): 
PretrainedInit: load from torchvision://resnet50 

backbone.layer1.0.bn3.bias - torch.Size([256]): 
PretrainedInit: load from torchvision://resnet50 

backbone.layer1.0.downsample.0.weight - torch.Size([256, 64, 1, 1]): 
PretrainedInit: load from torchvision://resnet50 

backbone.layer1.0.downsample.1.weight - torch.Size([256]): 
PretrainedInit: load from torchvision://resnet50 

backbone.layer1.0.downsample.1.bias - torch.Size([256]): 
PretrainedInit: load from torchvision://resnet50 

backbone.layer1.1.conv1.weight - torch.Size([64, 256, 1, 1]): 
PretrainedInit: load from torchvision://resnet50 

backbone.layer1.1.bn1.weight - torch.Size([64]): 
PretrainedInit: load from torchvision://resnet50 

backbone.layer1.1.bn1.bias - torch.Size([64]): 
PretrainedInit: load from torchvision://resnet50 

backbone.layer1.1.conv2.weight - torch.Size([64, 64, 3, 3]): 
PretrainedInit: load from torchvision://resnet50 

backbone.layer1.1.bn2.weight - torch.Size([64]): 
PretrainedInit: load from torchvision://resnet50 

backbone.layer1.1.bn2.bias - torch.Size([64]): 
PretrainedInit: load from torchvision://resnet50 

backbone.layer1.1.conv3.weight - torch.Size([256, 64, 1, 1]): 
PretrainedInit: load from torchvision://resnet50 

backbone.layer1.1.bn3.weight - torch.Size([256]): 
PretrainedInit: load from torchvision://resnet50 

backbone.layer1.1.bn3.bias - torch.Size([256]): 
PretrainedInit: load from torchvision://resnet50 

backbone.layer1.2.conv1.weight - torch.Size([64, 256, 1, 1]): 
PretrainedInit: load from torchvision://resnet50 

backbone.layer1.2.bn1.weight - torch.Size([64]): 
PretrainedInit: load from torchvision://resnet50 

backbone.layer1.2.bn1.bias - torch.Size([64]): 
PretrainedInit: load from torchvision://resnet50 

backbone.layer1.2.conv2.weight - torch.Size([64, 64, 3, 3]): 
PretrainedInit: load from torchvision://resnet50 

backbone.layer1.2.bn2.weight - torch.Size([64]): 
PretrainedInit: load from torchvision://resnet50 

backbone.layer1.2.bn2.bias - torch.Size([64]): 
PretrainedInit: load from torchvision://resnet50 

backbone.layer1.2.conv3.weight - torch.Size([256, 64, 1, 1]): 
PretrainedInit: load from torchvision://resnet50 

backbone.layer1.2.bn3.weight - torch.Size([256]): 
PretrainedInit: load from torchvision://resnet50 

backbone.layer1.2.bn3.bias - torch.Size([256]): 
PretrainedInit: load from torchvision://resnet50 

backbone.layer2.0.conv1.weight - torch.Size([128, 256, 1, 1]): 
PretrainedInit: load from torchvision://resnet50 

backbone.layer2.0.bn1.weight - torch.Size([128]): 
PretrainedInit: load from torchvision://resnet50 

backbone.layer2.0.bn1.bias - torch.Size([128]): 
PretrainedInit: load from torchvision://resnet50 

backbone.layer2.0.conv2.weight - torch.Size([128, 128, 3, 3]): 
PretrainedInit: load from torchvision://resnet50 

backbone.layer2.0.bn2.weight - torch.Size([128]): 
PretrainedInit: load from torchvision://resnet50 

backbone.layer2.0.bn2.bias - torch.Size([128]): 
PretrainedInit: load from torchvision://resnet50 

backbone.layer2.0.conv3.weight - torch.Size([512, 128, 1, 1]): 
PretrainedInit: load from torchvision://resnet50 

backbone.layer2.0.bn3.weight - torch.Size([512]): 
PretrainedInit: load from torchvision://resnet50 

backbone.layer2.0.bn3.bias - torch.Size([512]): 
PretrainedInit: load from torchvision://resnet50 

backbone.layer2.0.downsample.0.weight - torch.Size([512, 256, 1, 1]): 
PretrainedInit: load from torchvision://resnet50 

backbone.layer2.0.downsample.1.weight - torch.Size([512]): 
PretrainedInit: load from torchvision://resnet50 

backbone.layer2.0.downsample.1.bias - torch.Size([512]): 
PretrainedInit: load from torchvision://resnet50 

backbone.layer2.1.conv1.weight - torch.Size([128, 512, 1, 1]): 
PretrainedInit: load from torchvision://resnet50 

backbone.layer2.1.bn1.weight - torch.Size([128]): 
PretrainedInit: load from torchvision://resnet50 

backbone.layer2.1.bn1.bias - torch.Size([128]): 
PretrainedInit: load from torchvision://resnet50 

backbone.layer2.1.conv2.weight - torch.Size([128, 128, 3, 3]): 
PretrainedInit: load from torchvision://resnet50 

backbone.layer2.1.bn2.weight - torch.Size([128]): 
PretrainedInit: load from torchvision://resnet50 

backbone.layer2.1.bn2.bias - torch.Size([128]): 
PretrainedInit: load from torchvision://resnet50 

backbone.layer2.1.conv3.weight - torch.Size([512, 128, 1, 1]): 
PretrainedInit: load from torchvision://resnet50 

backbone.layer2.1.bn3.weight - torch.Size([512]): 
PretrainedInit: load from torchvision://resnet50 

backbone.layer2.1.bn3.bias - torch.Size([512]): 
PretrainedInit: load from torchvision://resnet50 

backbone.layer2.2.conv1.weight - torch.Size([128, 512, 1, 1]): 
PretrainedInit: load from torchvision://resnet50 

backbone.layer2.2.bn1.weight - torch.Size([128]): 
PretrainedInit: load from torchvision://resnet50 

backbone.layer2.2.bn1.bias - torch.Size([128]): 
PretrainedInit: load from torchvision://resnet50 

backbone.layer2.2.conv2.weight - torch.Size([128, 128, 3, 3]): 
PretrainedInit: load from torchvision://resnet50 

backbone.layer2.2.bn2.weight - torch.Size([128]): 
PretrainedInit: load from torchvision://resnet50 

backbone.layer2.2.bn2.bias - torch.Size([128]): 
PretrainedInit: load from torchvision://resnet50 

backbone.layer2.2.conv3.weight - torch.Size([512, 128, 1, 1]): 
PretrainedInit: load from torchvision://resnet50 

backbone.layer2.2.bn3.weight - torch.Size([512]): 
PretrainedInit: load from torchvision://resnet50 

backbone.layer2.2.bn3.bias - torch.Size([512]): 
PretrainedInit: load from torchvision://resnet50 

backbone.layer2.3.conv1.weight - torch.Size([128, 512, 1, 1]): 
PretrainedInit: load from torchvision://resnet50 

backbone.layer2.3.bn1.weight - torch.Size([128]): 
PretrainedInit: load from torchvision://resnet50 

backbone.layer2.3.bn1.bias - torch.Size([128]): 
PretrainedInit: load from torchvision://resnet50 

backbone.layer2.3.conv2.weight - torch.Size([128, 128, 3, 3]): 
PretrainedInit: load from torchvision://resnet50 

backbone.layer2.3.bn2.weight - torch.Size([128]): 
PretrainedInit: load from torchvision://resnet50 

backbone.layer2.3.bn2.bias - torch.Size([128]): 
PretrainedInit: load from torchvision://resnet50 

backbone.layer2.3.conv3.weight - torch.Size([512, 128, 1, 1]): 
PretrainedInit: load from torchvision://resnet50 

backbone.layer2.3.bn3.weight - torch.Size([512]): 
PretrainedInit: load from torchvision://resnet50 

backbone.layer2.3.bn3.bias - torch.Size([512]): 
PretrainedInit: load from torchvision://resnet50 

backbone.layer3.0.conv1.weight - torch.Size([256, 512, 1, 1]): 
PretrainedInit: load from torchvision://resnet50 

backbone.layer3.0.bn1.weight - torch.Size([256]): 
PretrainedInit: load from torchvision://resnet50 

backbone.layer3.0.bn1.bias - torch.Size([256]): 
PretrainedInit: load from torchvision://resnet50 

backbone.layer3.0.conv2.weight - torch.Size([256, 256, 3, 3]): 
PretrainedInit: load from torchvision://resnet50 

backbone.layer3.0.bn2.weight - torch.Size([256]): 
PretrainedInit: load from torchvision://resnet50 

backbone.layer3.0.bn2.bias - torch.Size([256]): 
PretrainedInit: load from torchvision://resnet50 

backbone.layer3.0.conv3.weight - torch.Size([1024, 256, 1, 1]): 
PretrainedInit: load from torchvision://resnet50 

backbone.layer3.0.bn3.weight - torch.Size([1024]): 
PretrainedInit: load from torchvision://resnet50 

backbone.layer3.0.bn3.bias - torch.Size([1024]): 
PretrainedInit: load from torchvision://resnet50 

backbone.layer3.0.downsample.0.weight - torch.Size([1024, 512, 1, 1]): 
PretrainedInit: load from torchvision://resnet50 

backbone.layer3.0.downsample.1.weight - torch.Size([1024]): 
PretrainedInit: load from torchvision://resnet50 

backbone.layer3.0.downsample.1.bias - torch.Size([1024]): 
PretrainedInit: load from torchvision://resnet50 

backbone.layer3.1.conv1.weight - torch.Size([256, 1024, 1, 1]): 
PretrainedInit: load from torchvision://resnet50 

backbone.layer3.1.bn1.weight - torch.Size([256]): 
PretrainedInit: load from torchvision://resnet50 

backbone.layer3.1.bn1.bias - torch.Size([256]): 
PretrainedInit: load from torchvision://resnet50 

backbone.layer3.1.conv2.weight - torch.Size([256, 256, 3, 3]): 
PretrainedInit: load from torchvision://resnet50 

backbone.layer3.1.bn2.weight - torch.Size([256]): 
PretrainedInit: load from torchvision://resnet50 

backbone.layer3.1.bn2.bias - torch.Size([256]): 
PretrainedInit: load from torchvision://resnet50 

backbone.layer3.1.conv3.weight - torch.Size([1024, 256, 1, 1]): 
PretrainedInit: load from torchvision://resnet50 

backbone.layer3.1.bn3.weight - torch.Size([1024]): 
PretrainedInit: load from torchvision://resnet50 

backbone.layer3.1.bn3.bias - torch.Size([1024]): 
PretrainedInit: load from torchvision://resnet50 

backbone.layer3.2.conv1.weight - torch.Size([256, 1024, 1, 1]): 
PretrainedInit: load from torchvision://resnet50 

backbone.layer3.2.bn1.weight - torch.Size([256]): 
PretrainedInit: load from torchvision://resnet50 

backbone.layer3.2.bn1.bias - torch.Size([256]): 
PretrainedInit: load from torchvision://resnet50 

backbone.layer3.2.conv2.weight - torch.Size([256, 256, 3, 3]): 
PretrainedInit: load from torchvision://resnet50 

backbone.layer3.2.bn2.weight - torch.Size([256]): 
PretrainedInit: load from torchvision://resnet50 

backbone.layer3.2.bn2.bias - torch.Size([256]): 
PretrainedInit: load from torchvision://resnet50 

backbone.layer3.2.conv3.weight - torch.Size([1024, 256, 1, 1]): 
PretrainedInit: load from torchvision://resnet50 

backbone.layer3.2.bn3.weight - torch.Size([1024]): 
PretrainedInit: load from torchvision://resnet50 

backbone.layer3.2.bn3.bias - torch.Size([1024]): 
PretrainedInit: load from torchvision://resnet50 

backbone.layer3.3.conv1.weight - torch.Size([256, 1024, 1, 1]): 
PretrainedInit: load from torchvision://resnet50 

backbone.layer3.3.bn1.weight - torch.Size([256]): 
PretrainedInit: load from torchvision://resnet50 

backbone.layer3.3.bn1.bias - torch.Size([256]): 
PretrainedInit: load from torchvision://resnet50 

backbone.layer3.3.conv2.weight - torch.Size([256, 256, 3, 3]): 
PretrainedInit: load from torchvision://resnet50 

backbone.layer3.3.bn2.weight - torch.Size([256]): 
PretrainedInit: load from torchvision://resnet50 

backbone.layer3.3.bn2.bias - torch.Size([256]): 
PretrainedInit: load from torchvision://resnet50 

backbone.layer3.3.conv3.weight - torch.Size([1024, 256, 1, 1]): 
PretrainedInit: load from torchvision://resnet50 

backbone.layer3.3.bn3.weight - torch.Size([1024]): 
PretrainedInit: load from torchvision://resnet50 

backbone.layer3.3.bn3.bias - torch.Size([1024]): 
PretrainedInit: load from torchvision://resnet50 

backbone.layer3.4.conv1.weight - torch.Size([256, 1024, 1, 1]): 
PretrainedInit: load from torchvision://resnet50 

backbone.layer3.4.bn1.weight - torch.Size([256]): 
PretrainedInit: load from torchvision://resnet50 

backbone.layer3.4.bn1.bias - torch.Size([256]): 
PretrainedInit: load from torchvision://resnet50 

backbone.layer3.4.conv2.weight - torch.Size([256, 256, 3, 3]): 
PretrainedInit: load from torchvision://resnet50 

backbone.layer3.4.bn2.weight - torch.Size([256]): 
PretrainedInit: load from torchvision://resnet50 

backbone.layer3.4.bn2.bias - torch.Size([256]): 
PretrainedInit: load from torchvision://resnet50 

backbone.layer3.4.conv3.weight - torch.Size([1024, 256, 1, 1]): 
PretrainedInit: load from torchvision://resnet50 

backbone.layer3.4.bn3.weight - torch.Size([1024]): 
PretrainedInit: load from torchvision://resnet50 

backbone.layer3.4.bn3.bias - torch.Size([1024]): 
PretrainedInit: load from torchvision://resnet50 

backbone.layer3.5.conv1.weight - torch.Size([256, 1024, 1, 1]): 
PretrainedInit: load from torchvision://resnet50 

backbone.layer3.5.bn1.weight - torch.Size([256]): 
PretrainedInit: load from torchvision://resnet50 

backbone.layer3.5.bn1.bias - torch.Size([256]): 
PretrainedInit: load from torchvision://resnet50 

backbone.layer3.5.conv2.weight - torch.Size([256, 256, 3, 3]): 
PretrainedInit: load from torchvision://resnet50 

backbone.layer3.5.bn2.weight - torch.Size([256]): 
PretrainedInit: load from torchvision://resnet50 

backbone.layer3.5.bn2.bias - torch.Size([256]): 
PretrainedInit: load from torchvision://resnet50 

backbone.layer3.5.conv3.weight - torch.Size([1024, 256, 1, 1]): 
PretrainedInit: load from torchvision://resnet50 

backbone.layer3.5.bn3.weight - torch.Size([1024]): 
PretrainedInit: load from torchvision://resnet50 

backbone.layer3.5.bn3.bias - torch.Size([1024]): 
PretrainedInit: load from torchvision://resnet50 

backbone.layer4.0.conv1.weight - torch.Size([512, 1024, 1, 1]): 
PretrainedInit: load from torchvision://resnet50 

backbone.layer4.0.bn1.weight - torch.Size([512]): 
PretrainedInit: load from torchvision://resnet50 

backbone.layer4.0.bn1.bias - torch.Size([512]): 
PretrainedInit: load from torchvision://resnet50 

backbone.layer4.0.conv2.weight - torch.Size([512, 512, 3, 3]): 
PretrainedInit: load from torchvision://resnet50 

backbone.layer4.0.bn2.weight - torch.Size([512]): 
PretrainedInit: load from torchvision://resnet50 

backbone.layer4.0.bn2.bias - torch.Size([512]): 
PretrainedInit: load from torchvision://resnet50 

backbone.layer4.0.conv3.weight - torch.Size([2048, 512, 1, 1]): 
PretrainedInit: load from torchvision://resnet50 

backbone.layer4.0.bn3.weight - torch.Size([2048]): 
PretrainedInit: load from torchvision://resnet50 

backbone.layer4.0.bn3.bias - torch.Size([2048]): 
PretrainedInit: load from torchvision://resnet50 

backbone.layer4.0.downsample.0.weight - torch.Size([2048, 1024, 1, 1]): 
PretrainedInit: load from torchvision://resnet50 

backbone.layer4.0.downsample.1.weight - torch.Size([2048]): 
PretrainedInit: load from torchvision://resnet50 

backbone.layer4.0.downsample.1.bias - torch.Size([2048]): 
PretrainedInit: load from torchvision://resnet50 

backbone.layer4.1.conv1.weight - torch.Size([512, 2048, 1, 1]): 
PretrainedInit: load from torchvision://resnet50 

backbone.layer4.1.bn1.weight - torch.Size([512]): 
PretrainedInit: load from torchvision://resnet50 

backbone.layer4.1.bn1.bias - torch.Size([512]): 
PretrainedInit: load from torchvision://resnet50 

backbone.layer4.1.conv2.weight - torch.Size([512, 512, 3, 3]): 
PretrainedInit: load from torchvision://resnet50 

backbone.layer4.1.bn2.weight - torch.Size([512]): 
PretrainedInit: load from torchvision://resnet50 

backbone.layer4.1.bn2.bias - torch.Size([512]): 
PretrainedInit: load from torchvision://resnet50 

backbone.layer4.1.conv3.weight - torch.Size([2048, 512, 1, 1]): 
PretrainedInit: load from torchvision://resnet50 

backbone.layer4.1.bn3.weight - torch.Size([2048]): 
PretrainedInit: load from torchvision://resnet50 

backbone.layer4.1.bn3.bias - torch.Size([2048]): 
PretrainedInit: load from torchvision://resnet50 

backbone.layer4.2.conv1.weight - torch.Size([512, 2048, 1, 1]): 
PretrainedInit: load from torchvision://resnet50 

backbone.layer4.2.bn1.weight - torch.Size([512]): 
PretrainedInit: load from torchvision://resnet50 

backbone.layer4.2.bn1.bias - torch.Size([512]): 
PretrainedInit: load from torchvision://resnet50 

backbone.layer4.2.conv2.weight - torch.Size([512, 512, 3, 3]): 
PretrainedInit: load from torchvision://resnet50 

backbone.layer4.2.bn2.weight - torch.Size([512]): 
PretrainedInit: load from torchvision://resnet50 

backbone.layer4.2.bn2.bias - torch.Size([512]): 
PretrainedInit: load from torchvision://resnet50 

backbone.layer4.2.conv3.weight - torch.Size([2048, 512, 1, 1]): 
PretrainedInit: load from torchvision://resnet50 

backbone.layer4.2.bn3.weight - torch.Size([2048]): 
PretrainedInit: load from torchvision://resnet50 

backbone.layer4.2.bn3.bias - torch.Size([2048]): 
PretrainedInit: load from torchvision://resnet50 

neck.lateral_convs.0.conv.weight - torch.Size([256, 256, 1, 1]): 
XavierInit: gain=1, distribution=uniform, bias=0 

neck.lateral_convs.0.conv.bias - torch.Size([256]): 
The value is the same before and after calling `init_weights` of QFDet  

neck.lateral_convs.1.conv.weight - torch.Size([256, 512, 1, 1]): 
XavierInit: gain=1, distribution=uniform, bias=0 

neck.lateral_convs.1.conv.bias - torch.Size([256]): 
The value is the same before and after calling `init_weights` of QFDet  

neck.lateral_convs.2.conv.weight - torch.Size([256, 1024, 1, 1]): 
XavierInit: gain=1, distribution=uniform, bias=0 

neck.lateral_convs.2.conv.bias - torch.Size([256]): 
The value is the same before and after calling `init_weights` of QFDet  

neck.lateral_convs.3.conv.weight - torch.Size([256, 2048, 1, 1]): 
XavierInit: gain=1, distribution=uniform, bias=0 

neck.lateral_convs.3.conv.bias - torch.Size([256]): 
The value is the same before and after calling `init_weights` of QFDet  

neck.fpn_convs.0.conv.weight - torch.Size([256, 256, 3, 3]): 
XavierInit: gain=1, distribution=uniform, bias=0 

neck.fpn_convs.0.conv.bias - torch.Size([256]): 
The value is the same before and after calling `init_weights` of QFDet  

neck.fpn_convs.1.conv.weight - torch.Size([256, 256, 3, 3]): 
XavierInit: gain=1, distribution=uniform, bias=0 

neck.fpn_convs.1.conv.bias - torch.Size([256]): 
The value is the same before and after calling `init_weights` of QFDet  

neck.fpn_convs.2.conv.weight - torch.Size([256, 256, 3, 3]): 
XavierInit: gain=1, distribution=uniform, bias=0 

neck.fpn_convs.2.conv.bias - torch.Size([256]): 
The value is the same before and after calling `init_weights` of QFDet  

neck.fpn_convs.3.conv.weight - torch.Size([256, 256, 3, 3]): 
XavierInit: gain=1, distribution=uniform, bias=0 

neck.fpn_convs.3.conv.bias - torch.Size([256]): 
The value is the same before and after calling `init_weights` of QFDet  

neck.fpn_convs.4.conv.weight - torch.Size([256, 256, 3, 3]): 
XavierInit: gain=1, distribution=uniform, bias=0 

neck.fpn_convs.4.conv.bias - torch.Size([256]): 
The value is the same before and after calling `init_weights` of QFDet  

bbox_head.cls_convs.0.conv.weight - torch.Size([256, 256, 3, 3]): 
NormalInit: mean=0, std=0.01, bias=0 

bbox_head.cls_convs.0.gn.weight - torch.Size([256]): 
The value is the same before and after calling `init_weights` of QFDet  

bbox_head.cls_convs.0.gn.bias - torch.Size([256]): 
The value is the same before and after calling `init_weights` of QFDet  

bbox_head.cls_convs.1.conv.weight - torch.Size([256, 256, 3, 3]): 
NormalInit: mean=0, std=0.01, bias=0 

bbox_head.cls_convs.1.gn.weight - torch.Size([256]): 
The value is the same before and after calling `init_weights` of QFDet  

bbox_head.cls_convs.1.gn.bias - torch.Size([256]): 
The value is the same before and after calling `init_weights` of QFDet  

bbox_head.cls_convs.2.conv.weight - torch.Size([256, 256, 3, 3]): 
NormalInit: mean=0, std=0.01, bias=0 

bbox_head.cls_convs.2.gn.weight - torch.Size([256]): 
The value is the same before and after calling `init_weights` of QFDet  

bbox_head.cls_convs.2.gn.bias - torch.Size([256]): 
The value is the same before and after calling `init_weights` of QFDet  

bbox_head.cls_convs.3.conv.weight - torch.Size([256, 256, 3, 3]): 
NormalInit: mean=0, std=0.01, bias=0 

bbox_head.cls_convs.3.gn.weight - torch.Size([256]): 
The value is the same before and after calling `init_weights` of QFDet  

bbox_head.cls_convs.3.gn.bias - torch.Size([256]): 
The value is the same before and after calling `init_weights` of QFDet  

bbox_head.reg_convs.0.conv.weight - torch.Size([256, 256, 3, 3]): 
NormalInit: mean=0, std=0.01, bias=0 

bbox_head.reg_convs.0.gn.weight - torch.Size([256]): 
The value is the same before and after calling `init_weights` of QFDet  

bbox_head.reg_convs.0.gn.bias - torch.Size([256]): 
The value is the same before and after calling `init_weights` of QFDet  

bbox_head.reg_convs.1.conv.weight - torch.Size([256, 256, 3, 3]): 
NormalInit: mean=0, std=0.01, bias=0 

bbox_head.reg_convs.1.gn.weight - torch.Size([256]): 
The value is the same before and after calling `init_weights` of QFDet  

bbox_head.reg_convs.1.gn.bias - torch.Size([256]): 
The value is the same before and after calling `init_weights` of QFDet  

bbox_head.reg_convs.2.conv.weight - torch.Size([256, 256, 3, 3]): 
NormalInit: mean=0, std=0.01, bias=0 

bbox_head.reg_convs.2.gn.weight - torch.Size([256]): 
The value is the same before and after calling `init_weights` of QFDet  

bbox_head.reg_convs.2.gn.bias - torch.Size([256]): 
The value is the same before and after calling `init_weights` of QFDet  

bbox_head.reg_convs.3.conv.weight - torch.Size([256, 256, 3, 3]): 
NormalInit: mean=0, std=0.01, bias=0 

bbox_head.reg_convs.3.gn.weight - torch.Size([256]): 
The value is the same before and after calling `init_weights` of QFDet  

bbox_head.reg_convs.3.gn.bias - torch.Size([256]): 
The value is the same before and after calling `init_weights` of QFDet  

bbox_head.atss_cls.weight - torch.Size([3, 256, 3, 3]): 
NormalInit: mean=0, std=0.01, bias=-4.59511985013459 

bbox_head.atss_cls.bias - torch.Size([3]): 
NormalInit: mean=0, std=0.01, bias=-4.59511985013459 

bbox_head.atss_reg.weight - torch.Size([4, 256, 3, 3]): 
NormalInit: mean=0, std=0.01, bias=0 

bbox_head.atss_reg.bias - torch.Size([4]): 
NormalInit: mean=0, std=0.01, bias=0 

bbox_head.atss_centerness.weight - torch.Size([1, 256, 3, 3]): 
NormalInit: mean=0, std=0.01, bias=0 

bbox_head.atss_centerness.bias - torch.Size([1]): 
NormalInit: mean=0, std=0.01, bias=0 

bbox_head.scales.0.scale - torch.Size([]): 
The value is the same before and after calling `init_weights` of QFDet  

bbox_head.scales.1.scale - torch.Size([]): 
The value is the same before and after calling `init_weights` of QFDet  

bbox_head.scales.2.scale - torch.Size([]): 
The value is the same before and after calling `init_weights` of QFDet  

bbox_head.scales.3.scale - torch.Size([]): 
The value is the same before and after calling `init_weights` of QFDet  

bbox_head.scales.4.scale - torch.Size([]): 
The value is the same before and after calling `init_weights` of QFDet  

backbone_t.conv1.weight - torch.Size([64, 3, 7, 7]): 
PretrainedInit: load from torchvision://resnet50 

backbone_t.bn1.weight - torch.Size([64]): 
PretrainedInit: load from torchvision://resnet50 

backbone_t.bn1.bias - torch.Size([64]): 
PretrainedInit: load from torchvision://resnet50 

backbone_t.layer1.0.conv1.weight - torch.Size([64, 64, 1, 1]): 
PretrainedInit: load from torchvision://resnet50 

backbone_t.layer1.0.bn1.weight - torch.Size([64]): 
PretrainedInit: load from torchvision://resnet50 

backbone_t.layer1.0.bn1.bias - torch.Size([64]): 
PretrainedInit: load from torchvision://resnet50 

backbone_t.layer1.0.conv2.weight - torch.Size([64, 64, 3, 3]): 
PretrainedInit: load from torchvision://resnet50 

backbone_t.layer1.0.bn2.weight - torch.Size([64]): 
PretrainedInit: load from torchvision://resnet50 

backbone_t.layer1.0.bn2.bias - torch.Size([64]): 
PretrainedInit: load from torchvision://resnet50 

backbone_t.layer1.0.conv3.weight - torch.Size([256, 64, 1, 1]): 
PretrainedInit: load from torchvision://resnet50 

backbone_t.layer1.0.bn3.weight - torch.Size([256]): 
PretrainedInit: load from torchvision://resnet50 

backbone_t.layer1.0.bn3.bias - torch.Size([256]): 
PretrainedInit: load from torchvision://resnet50 

backbone_t.layer1.0.downsample.0.weight - torch.Size([256, 64, 1, 1]): 
PretrainedInit: load from torchvision://resnet50 

backbone_t.layer1.0.downsample.1.weight - torch.Size([256]): 
PretrainedInit: load from torchvision://resnet50 

backbone_t.layer1.0.downsample.1.bias - torch.Size([256]): 
PretrainedInit: load from torchvision://resnet50 

backbone_t.layer1.1.conv1.weight - torch.Size([64, 256, 1, 1]): 
PretrainedInit: load from torchvision://resnet50 

backbone_t.layer1.1.bn1.weight - torch.Size([64]): 
PretrainedInit: load from torchvision://resnet50 

backbone_t.layer1.1.bn1.bias - torch.Size([64]): 
PretrainedInit: load from torchvision://resnet50 

backbone_t.layer1.1.conv2.weight - torch.Size([64, 64, 3, 3]): 
PretrainedInit: load from torchvision://resnet50 

backbone_t.layer1.1.bn2.weight - torch.Size([64]): 
PretrainedInit: load from torchvision://resnet50 

backbone_t.layer1.1.bn2.bias - torch.Size([64]): 
PretrainedInit: load from torchvision://resnet50 

backbone_t.layer1.1.conv3.weight - torch.Size([256, 64, 1, 1]): 
PretrainedInit: load from torchvision://resnet50 

backbone_t.layer1.1.bn3.weight - torch.Size([256]): 
PretrainedInit: load from torchvision://resnet50 

backbone_t.layer1.1.bn3.bias - torch.Size([256]): 
PretrainedInit: load from torchvision://resnet50 

backbone_t.layer1.2.conv1.weight - torch.Size([64, 256, 1, 1]): 
PretrainedInit: load from torchvision://resnet50 

backbone_t.layer1.2.bn1.weight - torch.Size([64]): 
PretrainedInit: load from torchvision://resnet50 

backbone_t.layer1.2.bn1.bias - torch.Size([64]): 
PretrainedInit: load from torchvision://resnet50 

backbone_t.layer1.2.conv2.weight - torch.Size([64, 64, 3, 3]): 
PretrainedInit: load from torchvision://resnet50 

backbone_t.layer1.2.bn2.weight - torch.Size([64]): 
PretrainedInit: load from torchvision://resnet50 

backbone_t.layer1.2.bn2.bias - torch.Size([64]): 
PretrainedInit: load from torchvision://resnet50 

backbone_t.layer1.2.conv3.weight - torch.Size([256, 64, 1, 1]): 
PretrainedInit: load from torchvision://resnet50 

backbone_t.layer1.2.bn3.weight - torch.Size([256]): 
PretrainedInit: load from torchvision://resnet50 

backbone_t.layer1.2.bn3.bias - torch.Size([256]): 
PretrainedInit: load from torchvision://resnet50 

backbone_t.layer2.0.conv1.weight - torch.Size([128, 256, 1, 1]): 
PretrainedInit: load from torchvision://resnet50 

backbone_t.layer2.0.bn1.weight - torch.Size([128]): 
PretrainedInit: load from torchvision://resnet50 

backbone_t.layer2.0.bn1.bias - torch.Size([128]): 
PretrainedInit: load from torchvision://resnet50 

backbone_t.layer2.0.conv2.weight - torch.Size([128, 128, 3, 3]): 
PretrainedInit: load from torchvision://resnet50 

backbone_t.layer2.0.bn2.weight - torch.Size([128]): 
PretrainedInit: load from torchvision://resnet50 

backbone_t.layer2.0.bn2.bias - torch.Size([128]): 
PretrainedInit: load from torchvision://resnet50 

backbone_t.layer2.0.conv3.weight - torch.Size([512, 128, 1, 1]): 
PretrainedInit: load from torchvision://resnet50 

backbone_t.layer2.0.bn3.weight - torch.Size([512]): 
PretrainedInit: load from torchvision://resnet50 

backbone_t.layer2.0.bn3.bias - torch.Size([512]): 
PretrainedInit: load from torchvision://resnet50 

backbone_t.layer2.0.downsample.0.weight - torch.Size([512, 256, 1, 1]): 
PretrainedInit: load from torchvision://resnet50 

backbone_t.layer2.0.downsample.1.weight - torch.Size([512]): 
PretrainedInit: load from torchvision://resnet50 

backbone_t.layer2.0.downsample.1.bias - torch.Size([512]): 
PretrainedInit: load from torchvision://resnet50 

backbone_t.layer2.1.conv1.weight - torch.Size([128, 512, 1, 1]): 
PretrainedInit: load from torchvision://resnet50 

backbone_t.layer2.1.bn1.weight - torch.Size([128]): 
PretrainedInit: load from torchvision://resnet50 

backbone_t.layer2.1.bn1.bias - torch.Size([128]): 
PretrainedInit: load from torchvision://resnet50 

backbone_t.layer2.1.conv2.weight - torch.Size([128, 128, 3, 3]): 
PretrainedInit: load from torchvision://resnet50 

backbone_t.layer2.1.bn2.weight - torch.Size([128]): 
PretrainedInit: load from torchvision://resnet50 

backbone_t.layer2.1.bn2.bias - torch.Size([128]): 
PretrainedInit: load from torchvision://resnet50 

backbone_t.layer2.1.conv3.weight - torch.Size([512, 128, 1, 1]): 
PretrainedInit: load from torchvision://resnet50 

backbone_t.layer2.1.bn3.weight - torch.Size([512]): 
PretrainedInit: load from torchvision://resnet50 

backbone_t.layer2.1.bn3.bias - torch.Size([512]): 
PretrainedInit: load from torchvision://resnet50 

backbone_t.layer2.2.conv1.weight - torch.Size([128, 512, 1, 1]): 
PretrainedInit: load from torchvision://resnet50 

backbone_t.layer2.2.bn1.weight - torch.Size([128]): 
PretrainedInit: load from torchvision://resnet50 

backbone_t.layer2.2.bn1.bias - torch.Size([128]): 
PretrainedInit: load from torchvision://resnet50 

backbone_t.layer2.2.conv2.weight - torch.Size([128, 128, 3, 3]): 
PretrainedInit: load from torchvision://resnet50 

backbone_t.layer2.2.bn2.weight - torch.Size([128]): 
PretrainedInit: load from torchvision://resnet50 

backbone_t.layer2.2.bn2.bias - torch.Size([128]): 
PretrainedInit: load from torchvision://resnet50 

backbone_t.layer2.2.conv3.weight - torch.Size([512, 128, 1, 1]): 
PretrainedInit: load from torchvision://resnet50 

backbone_t.layer2.2.bn3.weight - torch.Size([512]): 
PretrainedInit: load from torchvision://resnet50 

backbone_t.layer2.2.bn3.bias - torch.Size([512]): 
PretrainedInit: load from torchvision://resnet50 

backbone_t.layer2.3.conv1.weight - torch.Size([128, 512, 1, 1]): 
PretrainedInit: load from torchvision://resnet50 

backbone_t.layer2.3.bn1.weight - torch.Size([128]): 
PretrainedInit: load from torchvision://resnet50 

backbone_t.layer2.3.bn1.bias - torch.Size([128]): 
PretrainedInit: load from torchvision://resnet50 

backbone_t.layer2.3.conv2.weight - torch.Size([128, 128, 3, 3]): 
PretrainedInit: load from torchvision://resnet50 

backbone_t.layer2.3.bn2.weight - torch.Size([128]): 
PretrainedInit: load from torchvision://resnet50 

backbone_t.layer2.3.bn2.bias - torch.Size([128]): 
PretrainedInit: load from torchvision://resnet50 

backbone_t.layer2.3.conv3.weight - torch.Size([512, 128, 1, 1]): 
PretrainedInit: load from torchvision://resnet50 

backbone_t.layer2.3.bn3.weight - torch.Size([512]): 
PretrainedInit: load from torchvision://resnet50 

backbone_t.layer2.3.bn3.bias - torch.Size([512]): 
PretrainedInit: load from torchvision://resnet50 

backbone_t.layer3.0.conv1.weight - torch.Size([256, 512, 1, 1]): 
PretrainedInit: load from torchvision://resnet50 

backbone_t.layer3.0.bn1.weight - torch.Size([256]): 
PretrainedInit: load from torchvision://resnet50 

backbone_t.layer3.0.bn1.bias - torch.Size([256]): 
PretrainedInit: load from torchvision://resnet50 

backbone_t.layer3.0.conv2.weight - torch.Size([256, 256, 3, 3]): 
PretrainedInit: load from torchvision://resnet50 

backbone_t.layer3.0.bn2.weight - torch.Size([256]): 
PretrainedInit: load from torchvision://resnet50 

backbone_t.layer3.0.bn2.bias - torch.Size([256]): 
PretrainedInit: load from torchvision://resnet50 

backbone_t.layer3.0.conv3.weight - torch.Size([1024, 256, 1, 1]): 
PretrainedInit: load from torchvision://resnet50 

backbone_t.layer3.0.bn3.weight - torch.Size([1024]): 
PretrainedInit: load from torchvision://resnet50 

backbone_t.layer3.0.bn3.bias - torch.Size([1024]): 
PretrainedInit: load from torchvision://resnet50 

backbone_t.layer3.0.downsample.0.weight - torch.Size([1024, 512, 1, 1]): 
PretrainedInit: load from torchvision://resnet50 

backbone_t.layer3.0.downsample.1.weight - torch.Size([1024]): 
PretrainedInit: load from torchvision://resnet50 

backbone_t.layer3.0.downsample.1.bias - torch.Size([1024]): 
PretrainedInit: load from torchvision://resnet50 

backbone_t.layer3.1.conv1.weight - torch.Size([256, 1024, 1, 1]): 
PretrainedInit: load from torchvision://resnet50 

backbone_t.layer3.1.bn1.weight - torch.Size([256]): 
PretrainedInit: load from torchvision://resnet50 

backbone_t.layer3.1.bn1.bias - torch.Size([256]): 
PretrainedInit: load from torchvision://resnet50 

backbone_t.layer3.1.conv2.weight - torch.Size([256, 256, 3, 3]): 
PretrainedInit: load from torchvision://resnet50 

backbone_t.layer3.1.bn2.weight - torch.Size([256]): 
PretrainedInit: load from torchvision://resnet50 

backbone_t.layer3.1.bn2.bias - torch.Size([256]): 
PretrainedInit: load from torchvision://resnet50 

backbone_t.layer3.1.conv3.weight - torch.Size([1024, 256, 1, 1]): 
PretrainedInit: load from torchvision://resnet50 

backbone_t.layer3.1.bn3.weight - torch.Size([1024]): 
PretrainedInit: load from torchvision://resnet50 

backbone_t.layer3.1.bn3.bias - torch.Size([1024]): 
PretrainedInit: load from torchvision://resnet50 

backbone_t.layer3.2.conv1.weight - torch.Size([256, 1024, 1, 1]): 
PretrainedInit: load from torchvision://resnet50 

backbone_t.layer3.2.bn1.weight - torch.Size([256]): 
PretrainedInit: load from torchvision://resnet50 

backbone_t.layer3.2.bn1.bias - torch.Size([256]): 
PretrainedInit: load from torchvision://resnet50 

backbone_t.layer3.2.conv2.weight - torch.Size([256, 256, 3, 3]): 
PretrainedInit: load from torchvision://resnet50 

backbone_t.layer3.2.bn2.weight - torch.Size([256]): 
PretrainedInit: load from torchvision://resnet50 

backbone_t.layer3.2.bn2.bias - torch.Size([256]): 
PretrainedInit: load from torchvision://resnet50 

backbone_t.layer3.2.conv3.weight - torch.Size([1024, 256, 1, 1]): 
PretrainedInit: load from torchvision://resnet50 

backbone_t.layer3.2.bn3.weight - torch.Size([1024]): 
PretrainedInit: load from torchvision://resnet50 

backbone_t.layer3.2.bn3.bias - torch.Size([1024]): 
PretrainedInit: load from torchvision://resnet50 

backbone_t.layer3.3.conv1.weight - torch.Size([256, 1024, 1, 1]): 
PretrainedInit: load from torchvision://resnet50 

backbone_t.layer3.3.bn1.weight - torch.Size([256]): 
PretrainedInit: load from torchvision://resnet50 

backbone_t.layer3.3.bn1.bias - torch.Size([256]): 
PretrainedInit: load from torchvision://resnet50 

backbone_t.layer3.3.conv2.weight - torch.Size([256, 256, 3, 3]): 
PretrainedInit: load from torchvision://resnet50 

backbone_t.layer3.3.bn2.weight - torch.Size([256]): 
PretrainedInit: load from torchvision://resnet50 

backbone_t.layer3.3.bn2.bias - torch.Size([256]): 
PretrainedInit: load from torchvision://resnet50 

backbone_t.layer3.3.conv3.weight - torch.Size([1024, 256, 1, 1]): 
PretrainedInit: load from torchvision://resnet50 

backbone_t.layer3.3.bn3.weight - torch.Size([1024]): 
PretrainedInit: load from torchvision://resnet50 

backbone_t.layer3.3.bn3.bias - torch.Size([1024]): 
PretrainedInit: load from torchvision://resnet50 

backbone_t.layer3.4.conv1.weight - torch.Size([256, 1024, 1, 1]): 
PretrainedInit: load from torchvision://resnet50 

backbone_t.layer3.4.bn1.weight - torch.Size([256]): 
PretrainedInit: load from torchvision://resnet50 

backbone_t.layer3.4.bn1.bias - torch.Size([256]): 
PretrainedInit: load from torchvision://resnet50 

backbone_t.layer3.4.conv2.weight - torch.Size([256, 256, 3, 3]): 
PretrainedInit: load from torchvision://resnet50 

backbone_t.layer3.4.bn2.weight - torch.Size([256]): 
PretrainedInit: load from torchvision://resnet50 

backbone_t.layer3.4.bn2.bias - torch.Size([256]): 
PretrainedInit: load from torchvision://resnet50 

backbone_t.layer3.4.conv3.weight - torch.Size([1024, 256, 1, 1]): 
PretrainedInit: load from torchvision://resnet50 

backbone_t.layer3.4.bn3.weight - torch.Size([1024]): 
PretrainedInit: load from torchvision://resnet50 

backbone_t.layer3.4.bn3.bias - torch.Size([1024]): 
PretrainedInit: load from torchvision://resnet50 

backbone_t.layer3.5.conv1.weight - torch.Size([256, 1024, 1, 1]): 
PretrainedInit: load from torchvision://resnet50 

backbone_t.layer3.5.bn1.weight - torch.Size([256]): 
PretrainedInit: load from torchvision://resnet50 

backbone_t.layer3.5.bn1.bias - torch.Size([256]): 
PretrainedInit: load from torchvision://resnet50 

backbone_t.layer3.5.conv2.weight - torch.Size([256, 256, 3, 3]): 
PretrainedInit: load from torchvision://resnet50 

backbone_t.layer3.5.bn2.weight - torch.Size([256]): 
PretrainedInit: load from torchvision://resnet50 

backbone_t.layer3.5.bn2.bias - torch.Size([256]): 
PretrainedInit: load from torchvision://resnet50 

backbone_t.layer3.5.conv3.weight - torch.Size([1024, 256, 1, 1]): 
PretrainedInit: load from torchvision://resnet50 

backbone_t.layer3.5.bn3.weight - torch.Size([1024]): 
PretrainedInit: load from torchvision://resnet50 

backbone_t.layer3.5.bn3.bias - torch.Size([1024]): 
PretrainedInit: load from torchvision://resnet50 

backbone_t.layer4.0.conv1.weight - torch.Size([512, 1024, 1, 1]): 
PretrainedInit: load from torchvision://resnet50 

backbone_t.layer4.0.bn1.weight - torch.Size([512]): 
PretrainedInit: load from torchvision://resnet50 

backbone_t.layer4.0.bn1.bias - torch.Size([512]): 
PretrainedInit: load from torchvision://resnet50 

backbone_t.layer4.0.conv2.weight - torch.Size([512, 512, 3, 3]): 
PretrainedInit: load from torchvision://resnet50 

backbone_t.layer4.0.bn2.weight - torch.Size([512]): 
PretrainedInit: load from torchvision://resnet50 

backbone_t.layer4.0.bn2.bias - torch.Size([512]): 
PretrainedInit: load from torchvision://resnet50 

backbone_t.layer4.0.conv3.weight - torch.Size([2048, 512, 1, 1]): 
PretrainedInit: load from torchvision://resnet50 

backbone_t.layer4.0.bn3.weight - torch.Size([2048]): 
PretrainedInit: load from torchvision://resnet50 

backbone_t.layer4.0.bn3.bias - torch.Size([2048]): 
PretrainedInit: load from torchvision://resnet50 

backbone_t.layer4.0.downsample.0.weight - torch.Size([2048, 1024, 1, 1]): 
PretrainedInit: load from torchvision://resnet50 

backbone_t.layer4.0.downsample.1.weight - torch.Size([2048]): 
PretrainedInit: load from torchvision://resnet50 

backbone_t.layer4.0.downsample.1.bias - torch.Size([2048]): 
PretrainedInit: load from torchvision://resnet50 

backbone_t.layer4.1.conv1.weight - torch.Size([512, 2048, 1, 1]): 
PretrainedInit: load from torchvision://resnet50 

backbone_t.layer4.1.bn1.weight - torch.Size([512]): 
PretrainedInit: load from torchvision://resnet50 

backbone_t.layer4.1.bn1.bias - torch.Size([512]): 
PretrainedInit: load from torchvision://resnet50 

backbone_t.layer4.1.conv2.weight - torch.Size([512, 512, 3, 3]): 
PretrainedInit: load from torchvision://resnet50 

backbone_t.layer4.1.bn2.weight - torch.Size([512]): 
PretrainedInit: load from torchvision://resnet50 

backbone_t.layer4.1.bn2.bias - torch.Size([512]): 
PretrainedInit: load from torchvision://resnet50 

backbone_t.layer4.1.conv3.weight - torch.Size([2048, 512, 1, 1]): 
PretrainedInit: load from torchvision://resnet50 

backbone_t.layer4.1.bn3.weight - torch.Size([2048]): 
PretrainedInit: load from torchvision://resnet50 

backbone_t.layer4.1.bn3.bias - torch.Size([2048]): 
PretrainedInit: load from torchvision://resnet50 

backbone_t.layer4.2.conv1.weight - torch.Size([512, 2048, 1, 1]): 
PretrainedInit: load from torchvision://resnet50 

backbone_t.layer4.2.bn1.weight - torch.Size([512]): 
PretrainedInit: load from torchvision://resnet50 

backbone_t.layer4.2.bn1.bias - torch.Size([512]): 
PretrainedInit: load from torchvision://resnet50 

backbone_t.layer4.2.conv2.weight - torch.Size([512, 512, 3, 3]): 
PretrainedInit: load from torchvision://resnet50 

backbone_t.layer4.2.bn2.weight - torch.Size([512]): 
PretrainedInit: load from torchvision://resnet50 

backbone_t.layer4.2.bn2.bias - torch.Size([512]): 
PretrainedInit: load from torchvision://resnet50 

backbone_t.layer4.2.conv3.weight - torch.Size([2048, 512, 1, 1]): 
PretrainedInit: load from torchvision://resnet50 

backbone_t.layer4.2.bn3.weight - torch.Size([2048]): 
PretrainedInit: load from torchvision://resnet50 

backbone_t.layer4.2.bn3.bias - torch.Size([2048]): 
PretrainedInit: load from torchvision://resnet50 

fuse.fusion_cat.conv1x1.weight - torch.Size([256, 512, 1, 1]): 
The value is the same before and after calling `init_weights` of QFDet  

fuse.fusion_cat.conv1x1.bias - torch.Size([256]): 
The value is the same before and after calling `init_weights` of QFDet  

cmaf.rgb_gates.0.attn_scale - torch.Size([1]): 
The value is the same before and after calling `init_weights` of QFDet  

cmaf.rgb_gates.0.channel_attn.fc.0.weight - torch.Size([64, 256]): 
The value is the same before and after calling `init_weights` of QFDet  

cmaf.rgb_gates.0.channel_attn.fc.2.weight - torch.Size([256, 64]): 
The value is the same before and after calling `init_weights` of QFDet  

cmaf.rgb_gates.0.spatial_attn.conv.weight - torch.Size([1, 2, 7, 7]): 
The value is the same before and after calling `init_weights` of QFDet  

cmaf.rgb_gates.1.attn_scale - torch.Size([1]): 
The value is the same before and after calling `init_weights` of QFDet  

cmaf.rgb_gates.1.channel_attn.fc.0.weight - torch.Size([64, 256]): 
The value is the same before and after calling `init_weights` of QFDet  

cmaf.rgb_gates.1.channel_attn.fc.2.weight - torch.Size([256, 64]): 
The value is the same before and after calling `init_weights` of QFDet  

cmaf.rgb_gates.1.spatial_attn.conv.weight - torch.Size([1, 2, 7, 7]): 
The value is the same before and after calling `init_weights` of QFDet  

cmaf.rgb_gates.2.attn_scale - torch.Size([1]): 
The value is the same before and after calling `init_weights` of QFDet  

cmaf.rgb_gates.2.channel_attn.fc.0.weight - torch.Size([64, 256]): 
The value is the same before and after calling `init_weights` of QFDet  

cmaf.rgb_gates.2.channel_attn.fc.2.weight - torch.Size([256, 64]): 
The value is the same before and after calling `init_weights` of QFDet  

cmaf.rgb_gates.2.spatial_attn.conv.weight - torch.Size([1, 2, 7, 7]): 
The value is the same before and after calling `init_weights` of QFDet  

cmaf.rgb_gates.3.attn_scale - torch.Size([1]): 
The value is the same before and after calling `init_weights` of QFDet  

cmaf.rgb_gates.3.channel_attn.fc.0.weight - torch.Size([64, 256]): 
The value is the same before and after calling `init_weights` of QFDet  

cmaf.rgb_gates.3.channel_attn.fc.2.weight - torch.Size([256, 64]): 
The value is the same before and after calling `init_weights` of QFDet  

cmaf.rgb_gates.3.spatial_attn.conv.weight - torch.Size([1, 2, 7, 7]): 
The value is the same before and after calling `init_weights` of QFDet  

cmaf.rgb_gates.4.attn_scale - torch.Size([1]): 
The value is the same before and after calling `init_weights` of QFDet  

cmaf.rgb_gates.4.channel_attn.fc.0.weight - torch.Size([64, 256]): 
The value is the same before and after calling `init_weights` of QFDet  

cmaf.rgb_gates.4.channel_attn.fc.2.weight - torch.Size([256, 64]): 
The value is the same before and after calling `init_weights` of QFDet  

cmaf.rgb_gates.4.spatial_attn.conv.weight - torch.Size([1, 2, 7, 7]): 
The value is the same before and after calling `init_weights` of QFDet  

cmaf.tir_gates.0.attn_scale - torch.Size([1]): 
The value is the same before and after calling `init_weights` of QFDet  

cmaf.tir_gates.0.channel_attn.fc.0.weight - torch.Size([64, 256]): 
The value is the same before and after calling `init_weights` of QFDet  

cmaf.tir_gates.0.channel_attn.fc.2.weight - torch.Size([256, 64]): 
The value is the same before and after calling `init_weights` of QFDet  

cmaf.tir_gates.0.spatial_attn.conv.weight - torch.Size([1, 2, 7, 7]): 
The value is the same before and after calling `init_weights` of QFDet  

cmaf.tir_gates.1.attn_scale - torch.Size([1]): 
The value is the same before and after calling `init_weights` of QFDet  

cmaf.tir_gates.1.channel_attn.fc.0.weight - torch.Size([64, 256]): 
The value is the same before and after calling `init_weights` of QFDet  

cmaf.tir_gates.1.channel_attn.fc.2.weight - torch.Size([256, 64]): 
The value is the same before and after calling `init_weights` of QFDet  

cmaf.tir_gates.1.spatial_attn.conv.weight - torch.Size([1, 2, 7, 7]): 
The value is the same before and after calling `init_weights` of QFDet  

cmaf.tir_gates.2.attn_scale - torch.Size([1]): 
The value is the same before and after calling `init_weights` of QFDet  

cmaf.tir_gates.2.channel_attn.fc.0.weight - torch.Size([64, 256]): 
The value is the same before and after calling `init_weights` of QFDet  

cmaf.tir_gates.2.channel_attn.fc.2.weight - torch.Size([256, 64]): 
The value is the same before and after calling `init_weights` of QFDet  

cmaf.tir_gates.2.spatial_attn.conv.weight - torch.Size([1, 2, 7, 7]): 
The value is the same before and after calling `init_weights` of QFDet  

cmaf.tir_gates.3.attn_scale - torch.Size([1]): 
The value is the same before and after calling `init_weights` of QFDet  

cmaf.tir_gates.3.channel_attn.fc.0.weight - torch.Size([64, 256]): 
The value is the same before and after calling `init_weights` of QFDet  

cmaf.tir_gates.3.channel_attn.fc.2.weight - torch.Size([256, 64]): 
The value is the same before and after calling `init_weights` of QFDet  

cmaf.tir_gates.3.spatial_attn.conv.weight - torch.Size([1, 2, 7, 7]): 
The value is the same before and after calling `init_weights` of QFDet  

cmaf.tir_gates.4.attn_scale - torch.Size([1]): 
The value is the same before and after calling `init_weights` of QFDet  

cmaf.tir_gates.4.channel_attn.fc.0.weight - torch.Size([64, 256]): 
The value is the same before and after calling `init_weights` of QFDet  

cmaf.tir_gates.4.channel_attn.fc.2.weight - torch.Size([256, 64]): 
The value is the same before and after calling `init_weights` of QFDet  

cmaf.tir_gates.4.spatial_attn.conv.weight - torch.Size([1, 2, 7, 7]): 
The value is the same before and after calling `init_weights` of QFDet  

bbox_prehead.cls_convs.0.conv.weight - torch.Size([256, 256, 3, 3]): 
NormalInit: mean=0, std=0.01, bias=0 

bbox_prehead.cls_convs.0.gn.weight - torch.Size([256]): 
The value is the same before and after calling `init_weights` of QFDet  

bbox_prehead.cls_convs.0.gn.bias - torch.Size([256]): 
The value is the same before and after calling `init_weights` of QFDet  

bbox_prehead.cls_convs.1.conv.weight - torch.Size([256, 256, 3, 3]): 
NormalInit: mean=0, std=0.01, bias=0 

bbox_prehead.cls_convs.1.gn.weight - torch.Size([256]): 
The value is the same before and after calling `init_weights` of QFDet  

bbox_prehead.cls_convs.1.gn.bias - torch.Size([256]): 
The value is the same before and after calling `init_weights` of QFDet  

bbox_prehead.cls_convs.2.conv.weight - torch.Size([256, 256, 3, 3]): 
NormalInit: mean=0, std=0.01, bias=0 

bbox_prehead.cls_convs.2.gn.weight - torch.Size([256]): 
The value is the same before and after calling `init_weights` of QFDet  

bbox_prehead.cls_convs.2.gn.bias - torch.Size([256]): 
The value is the same before and after calling `init_weights` of QFDet  

bbox_prehead.cls_convs.3.conv.weight - torch.Size([256, 256, 3, 3]): 
NormalInit: mean=0, std=0.01, bias=0 

bbox_prehead.cls_convs.3.gn.weight - torch.Size([256]): 
The value is the same before and after calling `init_weights` of QFDet  

bbox_prehead.cls_convs.3.gn.bias - torch.Size([256]): 
The value is the same before and after calling `init_weights` of QFDet  

bbox_prehead.reg_convs.0.conv.weight - torch.Size([256, 256, 3, 3]): 
NormalInit: mean=0, std=0.01, bias=0 

bbox_prehead.reg_convs.0.gn.weight - torch.Size([256]): 
The value is the same before and after calling `init_weights` of QFDet  

bbox_prehead.reg_convs.0.gn.bias - torch.Size([256]): 
The value is the same before and after calling `init_weights` of QFDet  

bbox_prehead.reg_convs.1.conv.weight - torch.Size([256, 256, 3, 3]): 
NormalInit: mean=0, std=0.01, bias=0 

bbox_prehead.reg_convs.1.gn.weight - torch.Size([256]): 
The value is the same before and after calling `init_weights` of QFDet  

bbox_prehead.reg_convs.1.gn.bias - torch.Size([256]): 
The value is the same before and after calling `init_weights` of QFDet  

bbox_prehead.reg_convs.2.conv.weight - torch.Size([256, 256, 3, 3]): 
NormalInit: mean=0, std=0.01, bias=0 

bbox_prehead.reg_convs.2.gn.weight - torch.Size([256]): 
The value is the same before and after calling `init_weights` of QFDet  

bbox_prehead.reg_convs.2.gn.bias - torch.Size([256]): 
The value is the same before and after calling `init_weights` of QFDet  

bbox_prehead.reg_convs.3.conv.weight - torch.Size([256, 256, 3, 3]): 
NormalInit: mean=0, std=0.01, bias=0 

bbox_prehead.reg_convs.3.gn.weight - torch.Size([256]): 
The value is the same before and after calling `init_weights` of QFDet  

bbox_prehead.reg_convs.3.gn.bias - torch.Size([256]): 
The value is the same before and after calling `init_weights` of QFDet  

bbox_prehead.atss_cls.weight - torch.Size([3, 256, 3, 3]): 
NormalInit: mean=0, std=0.01, bias=-4.59511985013459 

bbox_prehead.atss_cls.bias - torch.Size([3]): 
NormalInit: mean=0, std=0.01, bias=-4.59511985013459 

bbox_prehead.atss_reg.weight - torch.Size([4, 256, 3, 3]): 
NormalInit: mean=0, std=0.01, bias=0 

bbox_prehead.atss_reg.bias - torch.Size([4]): 
NormalInit: mean=0, std=0.01, bias=0 

bbox_prehead.atss_centerness.weight - torch.Size([1, 256, 3, 3]): 
NormalInit: mean=0, std=0.01, bias=0 

bbox_prehead.atss_centerness.bias - torch.Size([1]): 
NormalInit: mean=0, std=0.01, bias=0 

bbox_prehead.atss_quality.weight - torch.Size([1, 512, 3, 3]): 
NormalInit: mean=0, std=0.01, bias=0 

bbox_prehead.atss_quality.bias - torch.Size([1]): 
NormalInit: mean=0, std=0.01, bias=0 

bbox_prehead.scales.0.scale - torch.Size([]): 
The value is the same before and after calling `init_weights` of QFDet  

bbox_prehead.scales.1.scale - torch.Size([]): 
The value is the same before and after calling `init_weights` of QFDet  

bbox_prehead.scales.2.scale - torch.Size([]): 
The value is the same before and after calling `init_weights` of QFDet  

bbox_prehead.scales.3.scale - torch.Size([]): 
The value is the same before and after calling `init_weights` of QFDet  

bbox_prehead.scales.4.scale - torch.Size([]): 
The value is the same before and after calling `init_weights` of QFDet  

poolupsample.conv1x1.weight - torch.Size([256, 512, 1, 1]): 
The value is the same before and after calling `init_weights` of QFDet  

poolupsample.conv1x1.bias - torch.Size([256]): 
The value is the same before and after calling `init_weights` of QFDet  
2026-07-25 07:20:35,565 - mmdet - INFO - Automatic scaling of learning rate (LR) has been disabled.
2026-07-25 07:20:35,592 - mmdet - INFO - load checkpoint from local path: /workspace/weights/epoch_11_qfdet_star_vtuav.pth
2026-07-25 07:20:38,589 - mmdet - WARNING - The model and loaded state dict do not match exactly

unexpected key in source state_dict: fuse.fusion_cat2.conv1x1.weight, fuse.fusion_cat2.conv1x1.bias, fuse.fusion_gated.t_conv1x1.weight, fuse.fusion_gated.t_conv1x1.bias, fuse.fusion_gated.v_conv1x1.weight, fuse.fusion_gated.v_conv1x1.bias

missing keys in source state_dict: cmaf.rgb_gates.0.attn_scale, cmaf.rgb_gates.0.channel_attn.fc.0.weight, cmaf.rgb_gates.0.channel_attn.fc.2.weight, cmaf.rgb_gates.0.spatial_attn.conv.weight, cmaf.rgb_gates.1.attn_scale, cmaf.rgb_gates.1.channel_attn.fc.0.weight, cmaf.rgb_gates.1.channel_attn.fc.2.weight, cmaf.rgb_gates.1.spatial_attn.conv.weight, cmaf.rgb_gates.2.attn_scale, cmaf.rgb_gates.2.channel_attn.fc.0.weight, cmaf.rgb_gates.2.channel_attn.fc.2.weight, cmaf.rgb_gates.2.spatial_attn.conv.weight, cmaf.rgb_gates.3.attn_scale, cmaf.rgb_gates.3.channel_attn.fc.0.weight, cmaf.rgb_gates.3.channel_attn.fc.2.weight, cmaf.rgb_gates.3.spatial_attn.conv.weight, cmaf.rgb_gates.4.attn_scale, cmaf.rgb_gates.4.channel_attn.fc.0.weight, cmaf.rgb_gates.4.channel_attn.fc.2.weight, cmaf.rgb_gates.4.spatial_attn.conv.weight, cmaf.tir_gates.0.attn_scale, cmaf.tir_gates.0.channel_attn.fc.0.weight, cmaf.tir_gates.0.channel_attn.fc.2.weight, cmaf.tir_gates.0.spatial_attn.conv.weight, cmaf.tir_gates.1.attn_scale, cmaf.tir_gates.1.channel_attn.fc.0.weight, cmaf.tir_gates.1.channel_attn.fc.2.weight, cmaf.tir_gates.1.spatial_attn.conv.weight, cmaf.tir_gates.2.attn_scale, cmaf.tir_gates.2.channel_attn.fc.0.weight, cmaf.tir_gates.2.channel_attn.fc.2.weight, cmaf.tir_gates.2.spatial_attn.conv.weight, cmaf.tir_gates.3.attn_scale, cmaf.tir_gates.3.channel_attn.fc.0.weight, cmaf.tir_gates.3.channel_attn.fc.2.weight, cmaf.tir_gates.3.spatial_attn.conv.weight, cmaf.tir_gates.4.attn_scale, cmaf.tir_gates.4.channel_attn.fc.0.weight, cmaf.tir_gates.4.channel_attn.fc.2.weight, cmaf.tir_gates.4.spatial_attn.conv.weight

2026-07-25 07:20:38,615 - mmdet - INFO - Start running, host: root@5f1893e4d25c, work_dir: /workspace/work_dirs/stage3_cmaf
2026-07-25 07:20:38,616 - mmdet - INFO - Hooks will be executed in the following order:
before_run:
(VERY_HIGH   ) StepLrUpdaterHook                  
(NORMAL      ) CheckpointHook                     
(LOW         ) EvalHook                           
(VERY_LOW    ) TextLoggerHook                     
 -------------------- 
before_train_epoch:
(VERY_HIGH   ) StepLrUpdaterHook                  
(NORMAL      ) NumClassCheckHook                  
(LOW         ) IterTimerHook                      
(LOW         ) EvalHook                           
(VERY_LOW    ) TextLoggerHook                     
 -------------------- 
before_train_iter:
(VERY_HIGH   ) StepLrUpdaterHook                  
(LOW         ) IterTimerHook                      
(LOW         ) EvalHook                           
 -------------------- 
after_train_iter:
(ABOVE_NORMAL) OptimizerHook                      
(NORMAL      ) CheckpointHook                     
(LOW         ) IterTimerHook                      
(LOW         ) EvalHook                           
(VERY_LOW    ) TextLoggerHook                     
 -------------------- 
after_train_epoch:
(NORMAL      ) CheckpointHook                     
(LOW         ) EvalHook                           
(VERY_LOW    ) TextLoggerHook                     
 -------------------- 
before_val_epoch:
(NORMAL      ) NumClassCheckHook                  
(LOW         ) IterTimerHook                      
(VERY_LOW    ) TextLoggerHook                     
 -------------------- 
before_val_iter:
(LOW         ) IterTimerHook                      
 -------------------- 
after_val_iter:
(LOW         ) IterTimerHook                      
 -------------------- 
after_val_epoch:
(VERY_LOW    ) TextLoggerHook                     
 -------------------- 
after_run:
(VERY_LOW    ) TextLoggerHook                     
 -------------------- 
2026-07-25 07:20:38,617 - mmdet - INFO - workflow: [('train', 1)], max: 2 epochs
2026-07-25 07:20:38,617 - mmdet - INFO - Checkpoints will be saved to /workspace/work_dirs/stage3_cmaf by HardDiskBackend.
2026-07-25 07:21:47,185 - mmdet - INFO - Epoch [1][50/300]	lr: 4.945e-04, eta: 0:12:34, time: 1.371, data_time: 0.181, memory: 2875, loss_cls_pre: 0.1291, loss_bbox_pre: 0.5059, loss_centerness_pre: 0.5464, loss_quality_pre: 0.0025, loss_cls: 0.0974, loss_bbox: 0.5217, loss_centerness: 0.8061, loss: 2.6091, grad_norm: 0.3236
2026-07-25 07:22:44,443 - mmdet - INFO - Epoch [1][100/300]	lr: 9.940e-04, eta: 0:10:29, time: 1.145, data_time: 0.117, memory: 2875, loss_cls_pre: 0.1331, loss_bbox_pre: 0.4721, loss_centerness_pre: 0.5291, loss_quality_pre: 0.0020, loss_cls: 0.0870, loss_bbox: 0.4903, loss_centerness: 0.8013, loss: 2.5149, grad_norm: 0.3295
2026-07-25 07:23:41,920 - mmdet - INFO - Epoch [1][150/300]	lr: 1.494e-03, eta: 0:09:09, time: 1.150, data_time: 0.114, memory: 2885, loss_cls_pre: 0.1207, loss_bbox_pre: 0.4836, loss_centerness_pre: 0.5442, loss_quality_pre: 0.0028, loss_cls: 0.0889, loss_bbox: 0.4844, loss_centerness: 0.8054, loss: 2.5301, grad_norm: 0.2884
2026-07-25 07:24:39,210 - mmdet - INFO - Epoch [1][200/300]	lr: 1.993e-03, eta: 0:08:01, time: 1.146, data_time: 0.114, memory: 2885, loss_cls_pre: 0.1224, loss_bbox_pre: 0.4930, loss_centerness_pre: 0.5453, loss_quality_pre: 0.0023, loss_cls: 0.0836, loss_bbox: 0.5067, loss_centerness: 0.8029, loss: 2.5560, grad_norm: 0.2932
2026-07-25 07:25:37,251 - mmdet - INFO - Epoch [1][250/300]	lr: 2.493e-03, eta: 0:06:58, time: 1.161, data_time: 0.115, memory: 2885, loss_cls_pre: 0.1279, loss_bbox_pre: 0.4907, loss_centerness_pre: 0.5430, loss_quality_pre: 0.0026, loss_cls: 0.0823, loss_bbox: 0.4791, loss_centerness: 0.8058, loss: 2.5314, grad_norm: 0.2847
2026-07-25 07:26:36,081 - mmdet - INFO - Exp name: qfdet_cmaf_r50_fpn_1x_vtuav.py
2026-07-25 07:26:36,082 - mmdet - INFO - Epoch [1][300/300]	lr: 2.992e-03, eta: 0:05:57, time: 1.177, data_time: 0.118, memory: 2896, loss_cls_pre: 0.1322, loss_bbox_pre: 0.4808, loss_centerness_pre: 0.5355, loss_quality_pre: 0.0020, loss_cls: 0.0842, loss_bbox: 0.4864, loss_centerness: 0.8115, loss: 2.5325, grad_norm: 0.3086
2026-07-25 07:26:36,084 - mmdet - INFO - Saving checkpoint at 1 epochs
2026-07-25 07:27:44,028 - mmdet - INFO - Evaluating bbox...
2026-07-25 07:27:45,587 - mmdet - INFO - 
 Average Precision  (AP) @[ IoU=0.50:0.95 | area=   all | maxDets=100 ] = 0.351
 Average Precision  (AP) @[ IoU=0.50      | area=   all | maxDets=1000 ] = 0.756
 Average Precision  (AP) @[ IoU=0.75      | area=   all | maxDets=1000 ] = 0.279
 Average Precision  (AP) @[ IoU=0.50:0.95 | area= small | maxDets=1000 ] = 0.193
 Average Precision  (AP) @[ IoU=0.50:0.95 | area=medium | maxDets=1000 ] = 0.334
 Average Precision  (AP) @[ IoU=0.50:0.95 | area= large | maxDets=1000 ] = 0.588
 Average Recall     (AR) @[ IoU=0.50:0.95 | area=   all | maxDets=100 ] = 0.436
 Average Recall     (AR) @[ IoU=0.50:0.95 | area=   all | maxDets=300 ] = 0.436
 Average Recall     (AR) @[ IoU=0.50:0.95 | area=   all | maxDets=1000 ] = 0.436
 Average Recall     (AR) @[ IoU=0.50:0.95 | area= small | maxDets=1000 ] = 0.306
 Average Recall     (AR) @[ IoU=0.50:0.95 | area=medium | maxDets=1000 ] = 0.425
 Average Recall     (AR) @[ IoU=0.50:0.95 | area= large | maxDets=1000 ] = 0.658

2026-07-25 07:27:45,590 - mmdet - INFO - 
+----------+-------+
| category | AP    |
+----------+-------+
| person   | 0.351 |
+----------+-------+
2026-07-25 07:27:45,598 - mmdet - INFO - Exp name: qfdet_cmaf_r50_fpn_1x_vtuav.py
2026-07-25 07:27:45,599 - mmdet - INFO - Epoch(val) [1][300]	bbox_mAP: 0.3510, bbox_mAP_50: 0.7560, bbox_mAP_75: 0.2790, bbox_mAP_s: 0.1930, bbox_mAP_m: 0.3340, bbox_mAP_l: 0.5880, bbox_mAP_copypaste: 0.351 0.756 0.279 0.193 0.334 0.588
2026-07-25 07:28:46,390 - mmdet - INFO - Epoch [2][50/300]	lr: 3.492e-03, eta: 0:04:58, time: 1.216, data_time: 0.145, memory: 2896, loss_cls_pre: 0.1176, loss_bbox_pre: 0.4793, loss_centerness_pre: 0.5436, loss_quality_pre: 0.0026, loss_cls: 0.0759, loss_bbox: 0.4869, loss_centerness: 0.8027, loss: 2.5085, grad_norm: 0.2697
2026-07-25 07:29:45,131 - mmdet - INFO - Epoch [2][100/300]	lr: 3.991e-03, eta: 0:03:58, time: 1.175, data_time: 0.106, memory: 2898, loss_cls_pre: 0.1251, loss_bbox_pre: 0.4886, loss_centerness_pre: 0.5405, loss_quality_pre: 0.0022, loss_cls: 0.0793, loss_bbox: 0.4953, loss_centerness: 0.7976, loss: 2.5287, grad_norm: 0.2711
2026-07-25 07:30:43,668 - mmdet - INFO - Epoch [2][150/300]	lr: 4.491e-03, eta: 0:02:58, time: 1.171, data_time: 0.105, memory: 2898, loss_cls_pre: 0.1233, loss_bbox_pre: 0.4869, loss_centerness_pre: 0.5467, loss_quality_pre: 0.0021, loss_cls: 0.0788, loss_bbox: 0.4870, loss_centerness: 0.8074, loss: 2.5320, grad_norm: 0.3018
2026-07-25 07:31:42,687 - mmdet - INFO - Epoch [2][200/300]	lr: 4.990e-03, eta: 0:01:58, time: 1.180, data_time: 0.105, memory: 2898, loss_cls_pre: 0.1329, loss_bbox_pre: 0.5054, loss_centerness_pre: 0.5364, loss_quality_pre: 0.0028, loss_cls: 0.0809, loss_bbox: 0.5068, loss_centerness: 0.7981, loss: 2.5633, grad_norm: 0.2707
2026-07-25 07:32:41,135 - mmdet - INFO - Epoch [2][250/300]	lr: 5.000e-03, eta: 0:00:59, time: 1.169, data_time: 0.104, memory: 2898, loss_cls_pre: 0.1145, loss_bbox_pre: 0.4607, loss_centerness_pre: 0.5404, loss_quality_pre: 0.0017, loss_cls: 0.0692, loss_bbox: 0.4659, loss_centerness: 0.8163, loss: 2.4686, grad_norm: 0.3144
2026-07-25 07:33:40,221 - mmdet - INFO - Exp name: qfdet_cmaf_r50_fpn_1x_vtuav.py
2026-07-25 07:33:40,222 - mmdet - INFO - Epoch [2][300/300]	lr: 5.000e-03, eta: 0:00:00, time: 1.182, data_time: 0.104, memory: 2898, loss_cls_pre: 0.1323, loss_bbox_pre: 0.4892, loss_centerness_pre: 0.5398, loss_quality_pre: 0.0027, loss_cls: 0.0828, loss_bbox: 0.4940, loss_centerness: 0.8059, loss: 2.5467, grad_norm: 0.3095
2026-07-25 07:33:40,225 - mmdet - INFO - Saving checkpoint at 2 epochs
2026-07-25 07:34:47,313 - mmdet - INFO - Evaluating bbox...
2026-07-25 07:34:49,105 - mmdet - INFO - 
 Average Precision  (AP) @[ IoU=0.50:0.95 | area=   all | maxDets=100 ] = 0.350
 Average Precision  (AP) @[ IoU=0.50      | area=   all | maxDets=1000 ] = 0.754
 Average Precision  (AP) @[ IoU=0.75      | area=   all | maxDets=1000 ] = 0.280
 Average Precision  (AP) @[ IoU=0.50:0.95 | area= small | maxDets=1000 ] = 0.188
 Average Precision  (AP) @[ IoU=0.50:0.95 | area=medium | maxDets=1000 ] = 0.332
 Average Precision  (AP) @[ IoU=0.50:0.95 | area= large | maxDets=1000 ] = 0.589
 Average Recall     (AR) @[ IoU=0.50:0.95 | area=   all | maxDets=100 ] = 0.435
 Average Recall     (AR) @[ IoU=0.50:0.95 | area=   all | maxDets=300 ] = 0.435
 Average Recall     (AR) @[ IoU=0.50:0.95 | area=   all | maxDets=1000 ] = 0.435
 Average Recall     (AR) @[ IoU=0.50:0.95 | area= small | maxDets=1000 ] = 0.306
 Average Recall     (AR) @[ IoU=0.50:0.95 | area=medium | maxDets=1000 ] = 0.424
 Average Recall     (AR) @[ IoU=0.50:0.95 | area= large | maxDets=1000 ] = 0.661

2026-07-25 07:34:49,106 - mmdet - INFO - 
+----------+-------+
| category | AP    |
+----------+-------+
| person   | 0.350 |
+----------+-------+
2026-07-25 07:34:49,114 - mmdet - INFO - Exp name: qfdet_cmaf_r50_fpn_1x_vtuav.py
2026-07-25 07:34:49,115 - mmdet - INFO - Epoch(val) [2][300]	bbox_mAP: 0.3500, bbox_mAP_50: 0.7540, bbox_mAP_75: 0.2800, bbox_mAP_s: 0.1880, bbox_mAP_m: 0.3320, bbox_mAP_l: 0.5890, bbox_mAP_copypaste: 0.350 0.754 0.280 0.188 0.332 0.589
